stm32f072rb.h:7735:22:__NVIC_EnableIRQ	16	static
stm32f072rb.h:7751:22:__NVIC_SetPriority	24	static
function.h:70:6:canFilterConfig	8	static
function.h:224:6:canInit	8	static
function.h:342:6:sendRemoteFrame	16	static
function.h:387:5:concat	72	static
function.h:409:6:receiveDataFrame	48	static
function.h:576:6:canEnableIRQ	8	static
function.h:582:6:canDisableIRQ	8	static
function.h:593:6:CEC_CAN_IRQHandler	32	static
function.h:951:6:pwmInit	8	static
function.h:1018:6:pwmHomeStart	8	static
function.h:1054:6:pwmHomeUpdate	8	static
function.h:1070:6:pwmHomeStop	16	static
function.h:1097:6:home	8	static
function.h:1155:6:EXTI2_3_IRQHandler	8	static
function.h:1197:6:pwmGoToNextPassStartPointStart	8	static
function.h:1224:6:setGoToNextPassStartPointDirectionSpeed	24	static
function.h:1477:6:pwmGoToNextPassStartPointStop	8	static
function.h:1494:6:goToNextPassStartPoint	16	static
function.h:1526:9:byte2bcd	24	static
function.h:1537:9:bcd2byte	24	static
function.h:1545:6:rtcCalendarInit	96	static
function.h:1649:6:rtcSetAlarm	32	static
function.h:1721:6:rtcDisableAlarm	8	static
function.h:1736:6:RTC_IRQHandler	8	static
function.h:1777:6:rtcGetTime	64	static
function.h:1796:6:rtcGetAlarm	32	static
function.h:1815:6:timerInit	8	static
function.h:1866:6:timerGoToNextPassStartPointStart	8	static
function.h:1880:6:timerGoToNextPassStartPointStop	8	static
function.h:1884:6:TIM7_IRQHandler	8	static
main.c:28:5:main	8	static
