stm32f072rb.h:7735:22:__NVIC_EnableIRQ	16	static
stm32f072rb.h:7751:22:__NVIC_SetPriority	24	static
function.h:64:6:canFilterConfig	8	static
function.h:218:6:canInit	8	static
function.h:336:6:sendRemoteFrame	16	static
function.h:381:5:concat	72	static
function.h:403:6:receiveDataFrame	48	static
function.h:570:6:canEnableIRQ	8	static
function.h:576:6:canDisableIRQ	8	static
function.h:587:6:CEC_CAN_IRQHandler	32	static
function.h:945:6:pwmInit	8	static
function.h:1012:6:pwmHomeStart	8	static
function.h:1048:6:pwmHomeUpdate	8	static
function.h:1065:6:pwmHomeStop	16	static
function.h:1092:6:home	8	static
function.h:1150:6:EXTI2_3_IRQHandler	8	static
function.h:1198:9:byte2bcd	24	static
function.h:1209:9:bcd2byte	24	static
function.h:1217:6:rtcCalendarInit	96	static
function.h:1321:6:rtcSetAlarm	32	static
function.h:1393:6:rtcDisableAlarm	8	static
function.h:1408:6:RTC_IRQHandler	8	static
function.h:1450:6:rtcGetTime	64	static
function.h:1469:6:rtcGetAlarm	32	static
main.c:28:5:main	8	static
