stm32f072rb.h:7735:22:__NVIC_EnableIRQ	16	static
stm32f072rb.h:7751:22:__NVIC_SetPriority	24	static
function.h:53:6:canFilterConfig	8	static
function.h:207:6:canInit	8	static
function.h:325:6:sendRemoteFrame	16	static
function.h:370:5:concat	72	static
function.h:392:6:receiveDataFrame	48	static
function.h:553:6:canEnableIRQ	8	static
function.h:559:6:canDisableIRQ	8	static
function.h:570:6:CEC_CAN_IRQHandler	48	static
function.h:941:6:pwmInit	8	static
function.h:1008:6:pwmHomeStart	8	static
function.h:1044:6:pwmHomeUpdate	8	static
function.h:1061:6:pwmHomeStop	16	static
function.h:1088:6:home	8	static
function.h:1146:6:EXTI2_3_IRQHandler	8	static
main.c:24:5:main	8	static
